  [90m─ Running in TIA mode.[39m

  [90;1m.[39;22m[90;1m.[39;22m[90;1m.[39;22m[90;1m.[39;22m[90;1m.[39;22m[90;1m.[39;22m[90;1m.[39;22m[90;1m.[39;22m[90;1m.[39;22m[90;1m.[39;22m[90;1m.[39;22m[90;1m.[39;22m[90;1m.[39;22m[90;1m.[39;22m[90;1m.[39;22m[90;1m.[39;22m[90;1m.[39;22m[90;1m.[39;22m[90;1m.[39;22m[90;1m.[39;22m[90;1m.[39;22m[90;1m.[39;22m

  [90mTests:[39m    [32;1m22 passed[39;22m[90m (300 assertions)[39m
  [90mDuration:[39m [39m2.12s[39m


 [OK] Rector is done!                                                           


  ............................................................................
  ............................................................................
  ............................................................................
  ............................................................................
  ............................................................................
  ............................................................................
  ............................................................................
  ............................................................................
  ............................................................................
  ............................................................................
  ............................................................................
  ............................................................................
  ............................................................................
  ............................................................................
  ............................................................................
  ............................................................................
  ............................................................................
  .........................

  ──────────────────────────────────────────────────────────────────── Laravel  
    PASS   ........................................................ 1317 files  

Note: Using configuration file /fast/worktrees/orbit/orb-364/apps/gateway/phpstan.neon.

 [OK] No errors                                                                 

